# Conditions read from  CMS_CONDITIONS  via FrontierProd 
min Phi in each logicRegion (X) in each ref Layer (Y): 
          10800	          108	          150	          300	          558	          600	          750	
          10800	          0	          151	          300	          450	          600	          750	
          10800	          -8	          150	          300	          441	          600	          750	
          10800	          18	          167	          319	          467	          617	          769	
          10800	          2	          152	          302	          452	          602	          752	
          10800	          52	          150	          300	          502	          600	          750	
          10800	          93	          153	          301	          543	          603	          751	
          10800	          94	          150	          300	          544	          600	          750	

max Phi in each logicRegion (X) in each ref Layer (Y): 
          -10800	          149	          299	          492	          599	          749	          942	
          -10800	          149	          299	          449	          599	          749	          903	
          -10800	          149	          299	          391	          599	          749	          840	
          -10800	          132	          280	          431	          581	          732	          879	
          -10800	          148	          298	          406	          598	          748	          898	
          -10800	          149	          299	          -84	          599	          749	          900	
          -10800	          149	          296	          479	          599	          746	          954	
          -10800	          145	          295	          476	          595	          745	          926	

iProcessor: 0 iRegion: 0
Ref hits
Logic layer: 0 Hits: 0	0	0	0	0	0	0	0	0	0	0	0	0	0	
Logic layer: 1 Hits: 0	0	0	0	0	0	0	0	0	0	0	0	0	0	
Logic layer: 2 Hits: 0	0	0	0	0	0	0	0	0	0	0	0	0	0	
Logic layer: 3 Hits: 0	0	0	0	0	0	0	0	0	0	0	0	0	0	
Logic layer: 4 Hits: 0	0	0	0	0	0	0	0	0	0	0	0	0	0	
Logic layer: 5 Hits: 0	0	0	0	0	0	0	0	0	0	0	0	0	0	
Logic layer: 6 Hits: 0	0	0	0	0	0	0	0	0	0	0	0	0	0	
Logic layer: 7 Hits: 0	0	0	0	0	0	0	0	0	0	0	0	0	0	
Logic layer: 8 Hits: 0	0	0	0	0	0	0	0	0	0	0	0	0	0	
Logic layer: 9 Hits: 0	0	0	0	0	0	0	0	0	0	0	0	0	0	
Logic layer: 10 Hits: 0	0	0	0	0	0	0	0	0	0	0	0	0	0	
Logic layer: 11 Hits: 0	0	0	0	0	0	0	0	0	0	0	0	0	0	
Logic layer: 12 Hits: 0	0	0	0	0	0	0	0	0	0	0	0	0	0	
Logic layer: 13 Hits: 0	0	0	0	0	0	0	0	0	0	0	0	0	0	
Logic layer: 14 Hits: 0	0	0	0	0	0	0	0	0	0	0	0	0	0	
Logic layer: 15 Hits: 0	0	0	0	0	0	0	0	0	0	0	0	0	0	
Logic layer: 16 Hits: 0	0	0	0	0	0	0	0	0	0	0	0	0	0	
Logic layer: 17 Hits: 0	0	0	0	0	0	0	0	0	0	0	0	0	0	

iProcessor: 0 iRegion: 1
Ref hits
Logic layer: 0 Hits: 0	0	0	0	0	0	0	0	0	0	0	0	0	0	
Logic layer: 1 Hits: 0	0	0	0	0	0	0	0	0	0	0	0	0	0	
Logic layer: 2 Hits: 0	0	0	0	0	0	0	0	0	0	0	0	0	0	
Logic layer: 3 Hits: 0	0	0	0	0	0	0	0	0	0	0	0	0	0	
Logic layer: 4 Hits: 0	0	0	0	0	0	0	0	0	0	0	0	0	0	
Logic layer: 5 Hits: 0	0	0	0	0	0	0	0	0	0	0	0	0	0	
Logic layer: 6 Hits: 0	0	0	0	0	0	0	0	0	0	0	0	0	0	
Logic layer: 7 Hits: 0	0	0	0	0	0	0	0	0	0	0	0	0	0	
Logic layer: 8 Hits: 0	0	0	0	0	0	0	0	0	0	0	0	0	0	
Logic layer: 9 Hits: 0	0	0	0	0	0	0	0	0	0	0	0	0	0	
Logic layer: 10 Hits: 0	0	0	0	0	0	0	0	0	0	0	0	0	0	
Logic layer: 11 Hits: 0	0	0	0	0	0	0	0	0	0	0	0	0	0	
Logic layer: 12 Hits: 0	0	0	0	0	0	0	0	0	0	0	0	0	0	
Logic layer: 13 Hits: 0	0	0	0	0	0	0	0	0	0	0	0	0	0	
Logic layer: 14 Hits: 0	0	0	0	0	0	0	0	0	0	0	0	0	0	
Logic layer: 15 Hits: 0	0	0	0	0	0	0	0	0	0	0	0	0	0	
Logic layer: 16 Hits: 0	0	0	0	0	0	0	0	0	0	0	0	0	0	
Logic layer: 17 Hits: 0	0	0	0	0	0	0	0	0	0	0	0	0	0	

iProcessor: 0 iRegion: 2
Ref hits
Logic layer: 0 Hits: 0	0	0	0	0	0	0	0	0	0	0	0	0	0	
Logic layer: 1 Hits: 0	0	0	0	0	0	0	0	0	0	0	0	0	0	
Logic layer: 2 Hits: 0	0	0	0	0	0	0	0	0	0	0	0	0	0	
Logic layer: 3 Hits: 0	0	0	0	0	0	0	0	0	0	0	0	0	0	
Logic layer: 4 Hits: 0	0	0	0	0	0	0	0	0	0	0	0	0	0	
Logic layer: 5 Hits: 0	0	0	0	0	0	0	0	0	0	0	0	0	0	
Logic layer: 6 Hits: 0	0	0	0	0	0	0	0	0	0	0	0	0	0	
Logic layer: 7 Hits: 0	0	0	0	0	0	0	0	0	0	0	0	0	0	
Logic layer: 8 Hits: 0	0	0	0	0	0	0	0	0	0	0	0	0	0	
Logic layer: 9 Hits: 0	0	0	0	0	0	0	0	0	0	0	0	0	0	
Logic layer: 10 Hits: 0	0	0	0	0	0	0	0	0	0	0	0	0	0	
Logic layer: 11 Hits: 0	0	0	0	0	0	0	0	0	0	0	0	0	0	
Logic layer: 12 Hits: 0	0	0	0	0	0	0	0	0	0	0	0	0	0	
Logic layer: 13 Hits: 0	0	0	0	0	0	0	0	0	0	0	0	0	0	
Logic layer: 14 Hits: 0	0	0	0	0	0	0	0	0	0	0	0	0	0	
Logic layer: 15 Hits: 0	0	0	0	0	0	0	0	0	0	0	0	0	0	
Logic layer: 16 Hits: 0	0	0	0	0	0	0	0	0	0	0	0	0	0	
Logic layer: 17 Hits: 0	0	0	0	0	0	0	0	0	0	0	0	0	0	

iProcessor: 0 iRegion: 3
Ref hits
Logic layer: 0 Hits: 0	0	0	0	0	0	0	0	0	0	0	0	0	0	
Logic layer: 1 Hits: 0	0	0	0	0	0	0	0	0	0	0	0	0	0	
Logic layer: 2 Hits: 0	0	0	0	0	0	0	0	0	0	0	0	0	0	
Logic layer: 3 Hits: 0	0	0	0	0	0	0	0	0	0	0	0	0	0	
Logic layer: 4 Hits: 0	0	0	0	0	0	0	0	0	0	0	0	0	0	
Logic layer: 5 Hits: 0	0	0	0	0	0	0	0	0	0	0	0	0	0	
Logic layer: 6 Hits: 0	0	0	0	0	0	0	0	0	0	0	0	0	0	
Logic layer: 7 Hits: 0	0	0	0	0	0	0	0	0	0	0	0	0	0	
Logic layer: 8 Hits: 0	0	0	0	0	0	0	0	0	0	0	0	0	0	
Logic layer: 9 Hits: 0	0	0	0	0	0	0	0	0	0	0	0	0	0	
Logic layer: 10 Hits: 0	0	0	0	0	0	0	0	0	0	0	0	0	0	
Logic layer: 11 Hits: 0	0	0	0	0	0	0	0	0	0	0	0	0	0	
Logic layer: 12 Hits: 0	0	0	0	0	0	0	0	0	0	0	0	0	0	
Logic layer: 13 Hits: 0	0	0	0	0	0	0	0	0	0	0	0	0	0	
Logic layer: 14 Hits: 0	0	0	0	0	0	0	0	0	0	0	0	0	0	
Logic layer: 15 Hits: 0	0	0	0	0	0	0	0	0	0	0	0	0	0	
Logic layer: 16 Hits: 0	0	0	0	0	0	0	0	0	0	0	0	0	0	
Logic layer: 17 Hits: 0	0	0	0	0	0	0	0	0	0	0	0	0	0	

iProcessor: 0 iRegion: 4
Ref hits
Logic layer: 0 Hits: 0	0	0	0	0	0	0	0	0	0	0	0	0	0	
Logic layer: 1 Hits: 0	0	0	0	0	0	0	0	0	0	0	0	0	0	
Logic layer: 2 Hits: 0	0	0	0	0	0	0	0	0	0	0	0	0	0	
Logic layer: 3 Hits: 0	0	0	0	0	0	0	0	0	0	0	0	0	0	
Logic layer: 4 Hits: 0	0	0	0	0	0	0	0	0	0	0	0	0	0	
Logic layer: 5 Hits: 0	0	0	0	0	0	0	0	0	0	0	0	0	0	
Logic layer: 6 Hits: 0	0	0	0	0	0	0	0	0	0	0	0	0	0	
Logic layer: 7 Hits: 0	0	0	0	0	0	0	0	0	0	0	0	0	0	
Logic layer: 8 Hits: 0	0	0	0	0	0	0	0	0	0	0	0	0	0	
Logic layer: 9 Hits: 0	0	0	0	0	0	0	0	0	0	0	0	0	0	
Logic layer: 10 Hits: 0	0	0	0	0	0	0	0	0	0	0	0	0	0	
Logic layer: 11 Hits: 0	0	0	0	0	0	0	0	0	0	0	0	0	0	
Logic layer: 12 Hits: 0	0	0	0	0	0	0	0	0	0	0	0	0	0	
Logic layer: 13 Hits: 0	0	0	0	0	0	0	0	0	0	0	0	0	0	
Logic layer: 14 Hits: 0	0	0	0	0	0	0	0	0	0	0	0	0	0	
Logic layer: 15 Hits: 0	0	0	0	0	0	0	0	0	0	0	0	0	0	
Logic layer: 16 Hits: 0	0	0	0	0	0	0	0	0	0	0	0	0	0	
Logic layer: 17 Hits: 0	0	0	0	0	0	0	0	0	0	0	0	0	0	

iProcessor: 0 iRegion: 5
Ref hits
Logic layer: 0 Hits: 0	0	0	0	0	0	0	0	0	0	0	0	0	0	
Logic layer: 1 Hits: 0	0	0	0	0	0	0	0	0	0	0	0	0	0	
Logic layer: 2 Hits: 0	0	0	0	0	0	0	0	0	0	0	0	0	0	
Logic layer: 3 Hits: 0	0	0	0	0	0	0	0	0	0	0	0	0	0	
Logic layer: 4 Hits: 0	0	0	0	0	0	0	0	0	0	0	0	0	0	
Logic layer: 5 Hits: 0	0	0	0	0	0	0	0	0	0	0	0	0	0	
Logic layer: 6 Hits: 0	0	0	0	0	0	0	0	0	0	0	0	0	0	
Logic layer: 7 Hits: 0	0	0	0	0	0	0	0	0	0	0	0	0	0	
Logic layer: 8 Hits: 0	0	0	0	0	0	0	0	0	0	0	0	0	0	
Logic layer: 9 Hits: 0	0	0	0	0	0	0	0	0	0	0	0	0	0	
Logic layer: 10 Hits: 0	0	0	0	0	0	0	0	0	0	0	0	0	0	
Logic layer: 11 Hits: 0	0	0	0	0	0	0	0	0	0	0	0	0	0	
Logic layer: 12 Hits: 0	0	0	0	0	0	0	0	0	0	0	0	0	0	
Logic layer: 13 Hits: 0	0	0	0	0	0	0	0	0	0	0	0	0	0	
Logic layer: 14 Hits: 0	0	0	0	0	0	0	0	0	0	0	0	0	0	
Logic layer: 15 Hits: 0	0	0	0	0	0	0	0	0	0	0	0	0	0	
Logic layer: 16 Hits: 0	0	0	0	0	0	0	0	0	0	0	0	0	0	
Logic layer: 17 Hits: 0	0	0	0	0	0	0	0	0	0	0	0	0	0	

iProcessor: 0 iRegion: 6
Ref hits
Logic layer: 0 Hits: 0	0	0	0	0	0	0	0	0	0	0	0	0	0	
Logic layer: 1 Hits: 0	0	0	0	0	0	0	0	0	0	0	0	0	0	
Logic layer: 2 Hits: 0	0	0	0	0	0	0	0	0	0	0	0	0	0	
Logic layer: 3 Hits: 0	0	0	0	0	0	0	0	0	0	0	0	0	0	
Logic layer: 4 Hits: 0	0	0	0	0	0	0	0	0	0	0	0	0	0	
Logic layer: 5 Hits: 0	0	0	0	0	0	0	0	0	0	0	0	0	0	
Logic layer: 6 Hits: 0	0	0	0	0	0	0	0	0	0	0	0	0	0	
Logic layer: 7 Hits: 0	0	0	0	0	0	0	0	0	0	0	0	0	0	
Logic layer: 8 Hits: 0	0	0	0	0	0	0	0	0	0	0	0	0	0	
Logic layer: 9 Hits: 0	0	0	0	0	0	0	0	0	0	0	0	0	0	
Logic layer: 10 Hits: 0	0	0	0	0	0	0	0	0	0	0	0	0	0	
Logic layer: 11 Hits: 0	0	0	0	0	0	0	0	0	0	0	0	0	0	
Logic layer: 12 Hits: 0	0	0	0	0	0	0	0	0	0	0	0	0	0	
Logic layer: 13 Hits: 0	0	0	0	0	0	0	0	0	0	0	0	0	0	
Logic layer: 14 Hits: 0	0	0	0	0	0	0	0	0	0	0	0	0	0	
Logic layer: 15 Hits: 0	0	0	0	0	0	0	0	0	0	0	0	0	0	
Logic layer: 16 Hits: 0	0	0	0	0	0	0	0	0	0	0	0	0	0	
Logic layer: 17 Hits: 0	0	0	0	0	0	0	0	0	0	0	0	0	0	

