# Conditions read from  CMS_CONDITIONS  via FrontierProd 
min Phi in each logicRegion (X) in each ref Layer (Y): 
          10800	          107	          150	          300	          558	          600	          750	
          10800	          0	          150	          300	          450	          600	          750	
          10800	          -9	          150	          300	          442	          600	          750	
          10800	          18	          167	          317	          469	          619	          767	
          10800	          2	          152	          302	          452	          602	          752	
          10800	          53	          150	          300	          502	          600	          750	
          10800	          93	          153	          301	          543	          603	          751	
          10800	          94	          150	          300	          544	          600	          750	

max Phi in each logicRegion (X) in each ref Layer (Y): 
          -10800	          149	          299	          492	          599	          749	          942	
          -10800	          149	          299	          449	          599	          749	          903	
          -10800	          149	          299	          391	          599	          749	          841	
          -10800	          131	          283	          432	          582	          732	          882	
          -10800	          148	          298	          -305	          598	          748	          898	
          -10800	          149	          299	          -77	          599	          749	          901	
          -10800	          149	          296	          -272	          599	          746	          954	
          -10800	          145	          295	          454	          595	          745	          926	

iProcessor: 0 iRegion: 0
Ref hits
Logic layer: 0 Hits: 0	0	0	0	0	0	0	0	0	0	0	0	0	0	
Logic layer: 1 Hits: 0	0	0	0	0	0	0	0	0	0	0	0	0	0	
Logic layer: 2 Hits: 0	0	0	0	0	0	0	0	0	0	0	0	0	0	
Logic layer: 3 Hits: 0	0	0	0	0	0	0	0	0	0	0	0	0	0	
Logic layer: 4 Hits: 0	0	0	0	0	0	0	0	0	0	0	0	0	0	
Logic layer: 5 Hits: 0	0	0	0	0	0	0	0	0	0	0	0	0	0	
Logic layer: 6 Hits: 0	0	0	0	0	0	0	0	0	0	0	0	0	0	
Logic layer: 7 Hits: 0	0	0	0	0	0	0	0	0	0	0	0	0	0	
Logic layer: 8 Hits: 0	0	0	0	0	0	0	0	0	0	0	0	0	0	
Logic layer: 9 Hits: 0	0	0	0	0	0	0	0	0	0	0	0	0	0	
Logic layer: 10 Hits: 0	0	0	0	0	0	0	0	0	0	0	0	0	0	
Logic layer: 11 Hits: 0	0	0	0	0	0	0	0	0	0	0	0	0	0	
Logic layer: 12 Hits: 0	0	0	0	0	0	0	0	0	0	0	0	0	0	
Logic layer: 13 Hits: 0	0	0	0	0	0	0	0	0	0	0	0	0	0	
Logic layer: 14 Hits: 0	0	0	0	0	0	0	0	0	0	0	0	0	0	
Logic layer: 15 Hits: 0	0	0	0	0	0	0	0	0	0	0	0	0	0	
Logic layer: 16 Hits: 0	0	0	0	0	0	0	0	0	0	0	0	0	0	
Logic layer: 17 Hits: 0	0	0	0	0	0	0	0	0	0	0	0	0	0	

iProcessor: 0 iRegion: 1
Ref hits
Logic layer: 0 Hits: 0	0	188	188	0	0	0	0	0	0	0	0	0	0	
Logic layer: 1 Hits: 0	0	485	485	0	0	0	0	0	0	0	0	0	0	
Logic layer: 2 Hits: 0	0	665	665	0	0	0	0	0	0	0	0	0	0	
Logic layer: 3 Hits: 0	0	352	352	0	0	0	0	0	0	0	0	0	0	
Logic layer: 4 Hits: 0	0	544	547	0	0	0	0	0	0	0	0	0	0	
Logic layer: 5 Hits: 0	0	392	392	0	0	0	0	0	0	0	0	0	0	
Logic layer: 6 Hits: 0	0	0	0	191	191	171	172	0	0	0	0	0	0	
Logic layer: 7 Hits: 0	0	0	0	171	172	159	159	0	0	0	0	0	0	
Logic layer: 8 Hits: 0	0	0	0	0	0	0	0	0	0	0	0	0	0	
Logic layer: 9 Hits: 0	0	0	0	0	0	0	0	0	0	0	0	0	0	
Logic layer: 10 Hits: 0	0	0	0	0	0	0	0	0	0	0	0	0	0	
Logic layer: 11 Hits: 0	0	0	0	0	0	0	0	0	0	0	0	0	0	
Logic layer: 12 Hits: 0	0	0	0	0	0	0	0	0	0	0	0	0	0	
Logic layer: 13 Hits: 0	0	0	0	0	0	0	0	0	0	0	0	0	0	
Logic layer: 14 Hits: 0	0	0	0	0	0	0	0	0	0	0	0	0	0	
Logic layer: 15 Hits: 0	0	0	0	0	0	0	0	0	0	0	0	0	0	
Logic layer: 16 Hits: 0	0	0	0	0	0	0	0	0	0	0	0	0	0	
Logic layer: 17 Hits: 0	0	0	0	0	0	0	0	0	0	0	0	0	0	

iProcessor: 0 iRegion: 2
Ref hits
Logic layer: 0 Hits: 0	0	660	660	0	0	0	0	0	0	0	0	0	0	
Logic layer: 1 Hits: 0	0	0	0	522	522	0	0	0	0	0	0	0	0	
Logic layer: 2 Hits: 0	0	635	635	0	0	0	0	0	0	0	0	0	0	
Logic layer: 3 Hits: 0	0	0	0	365	365	0	0	0	0	0	0	0	0	
Logic layer: 4 Hits: 0	0	0	0	588	589	0	0	0	0	0	0	0	0	
Logic layer: 5 Hits: 0	0	578	578	0	0	0	0	0	0	0	0	0	0	
Logic layer: 6 Hits: 0	0	0	0	464	465	393	397	0	0	0	0	0	0	
Logic layer: 7 Hits: 0	0	0	0	440	440	421	422	0	0	0	0	0	0	
Logic layer: 8 Hits: 0	0	0	0	0	0	0	0	0	0	0	0	0	0	
Logic layer: 9 Hits: 0	0	0	0	0	0	0	0	0	0	0	0	0	0	
Logic layer: 10 Hits: 0	0	0	0	0	0	0	0	0	0	0	0	0	0	
Logic layer: 11 Hits: 0	0	0	0	0	0	0	0	0	0	0	0	0	0	
Logic layer: 12 Hits: 0	0	0	0	0	0	0	0	0	0	0	0	0	0	
Logic layer: 13 Hits: 0	0	0	0	0	0	0	0	0	0	0	0	0	0	
Logic layer: 14 Hits: 0	0	0	0	0	0	0	0	0	0	0	0	0	0	
Logic layer: 15 Hits: 0	0	0	0	0	0	0	0	0	0	0	0	0	0	
Logic layer: 16 Hits: 0	0	0	0	0	0	0	0	0	0	0	0	0	0	
Logic layer: 17 Hits: 0	0	0	0	0	0	0	0	0	0	0	0	0	0	

iProcessor: 0 iRegion: 3
Ref hits
Logic layer: 0 Hits: 0	0	759	759	0	0	0	0	0	0	0	0	0	0	
Logic layer: 1 Hits: 0	0	0	0	0	0	488	488	0	0	0	0	0	0	
Logic layer: 2 Hits: 0	0	363	363	0	0	0	0	0	0	0	0	0	0	
Logic layer: 3 Hits: 0	0	0	0	0	0	300	300	0	0	0	0	0	0	
Logic layer: 4 Hits: 0	0	0	0	0	0	482	483	0	0	0	0	0	0	
Logic layer: 5 Hits: 0	0	588	588	0	0	0	0	0	0	0	0	0	0	
Logic layer: 6 Hits: 0	0	0	0	584	589	565	568	0	0	0	0	0	0	
Logic layer: 7 Hits: 0	0	0	0	474	477	446	447	0	0	0	0	0	0	
Logic layer: 8 Hits: 0	0	0	0	0	0	0	0	0	0	0	0	0	0	
Logic layer: 9 Hits: 0	0	0	0	0	0	0	0	0	0	0	0	0	0	
Logic layer: 10 Hits: 0	0	0	0	0	0	0	0	0	0	0	0	0	0	
Logic layer: 11 Hits: 0	0	0	0	0	0	0	0	0	0	0	0	0	0	
Logic layer: 12 Hits: 0	0	0	0	0	0	0	0	0	0	0	0	0	0	
Logic layer: 13 Hits: 0	0	0	0	0	0	0	0	0	0	0	0	0	0	
Logic layer: 14 Hits: 0	0	0	0	0	0	0	0	0	0	0	0	0	0	
Logic layer: 15 Hits: 0	0	0	0	0	0	0	0	0	0	0	0	0	0	
Logic layer: 16 Hits: 0	0	0	0	0	0	0	0	0	0	0	0	0	0	
Logic layer: 17 Hits: 0	0	0	0	0	0	0	0	0	0	0	0	0	0	

iProcessor: 0 iRegion: 4
Ref hits
Logic layer: 0 Hits: 0	0	0	0	162	162	0	0	0	0	0	0	0	0	
Logic layer: 1 Hits: 0	0	0	0	0	0	0	0	499	499	0	0	0	0	
Logic layer: 2 Hits: 0	0	0	0	669	669	0	0	0	0	0	0	0	0	
Logic layer: 3 Hits: 0	0	0	0	0	0	0	0	322	322	0	0	0	0	
Logic layer: 4 Hits: 0	0	0	0	0	0	0	0	563	565	0	0	0	0	
Logic layer: 5 Hits: 0	0	0	0	366	366	0	0	0	0	0	0	0	0	
Logic layer: 6 Hits: 0	0	0	0	0	0	0	0	184	186	169	169	0	0	
Logic layer: 7 Hits: 0	0	0	0	0	0	0	0	171	171	141	141	0	0	
Logic layer: 8 Hits: 0	0	0	0	0	0	0	0	0	0	0	0	0	0	
Logic layer: 9 Hits: 0	0	0	0	0	0	0	0	0	0	0	0	0	0	
Logic layer: 10 Hits: 0	0	0	0	0	0	0	0	0	0	0	0	0	0	
Logic layer: 11 Hits: 0	0	0	0	0	0	0	0	0	0	0	0	0	0	
Logic layer: 12 Hits: 0	0	0	0	0	0	0	0	0	0	0	0	0	0	
Logic layer: 13 Hits: 0	0	0	0	0	0	0	0	0	0	0	0	0	0	
Logic layer: 14 Hits: 0	0	0	0	0	0	0	0	0	0	0	0	0	0	
Logic layer: 15 Hits: 0	0	0	0	0	0	0	0	0	0	0	0	0	0	
Logic layer: 16 Hits: 0	0	0	0	0	0	0	0	0	0	0	0	0	0	
Logic layer: 17 Hits: 0	0	0	0	0	0	0	0	0	0	0	0	0	0	

iProcessor: 0 iRegion: 5
Ref hits
Logic layer: 0 Hits: 0	0	0	0	599	599	0	0	0	0	0	0	0	0	
Logic layer: 1 Hits: 0	0	0	0	0	0	0	0	0	0	424	424	0	0	
Logic layer: 2 Hits: 0	0	0	0	649	649	0	0	0	0	0	0	0	0	
Logic layer: 3 Hits: 0	0	0	0	0	0	0	0	0	0	303	303	0	0	
Logic layer: 4 Hits: 0	0	0	0	0	0	0	0	0	0	507	507	0	0	
Logic layer: 5 Hits: 0	0	0	0	558	558	0	0	0	0	0	0	0	0	
Logic layer: 6 Hits: 0	0	0	0	0	0	0	0	429	432	402	404	0	0	
Logic layer: 7 Hits: 0	0	0	0	0	0	0	0	441	446	352	353	0	0	
Logic layer: 8 Hits: 0	0	0	0	0	0	0	0	0	0	0	0	0	0	
Logic layer: 9 Hits: 0	0	0	0	0	0	0	0	0	0	0	0	0	0	
Logic layer: 10 Hits: 0	0	0	0	0	0	0	0	0	0	0	0	0	0	
Logic layer: 11 Hits: 0	0	0	0	0	0	0	0	0	0	0	0	0	0	
Logic layer: 12 Hits: 0	0	0	0	0	0	0	0	0	0	0	0	0	0	
Logic layer: 13 Hits: 0	0	0	0	0	0	0	0	0	0	0	0	0	0	
Logic layer: 14 Hits: 0	0	0	0	0	0	0	0	0	0	0	0	0	0	
Logic layer: 15 Hits: 0	0	0	0	0	0	0	0	0	0	0	0	0	0	
Logic layer: 16 Hits: 0	0	0	0	0	0	0	0	0	0	0	0	0	0	
Logic layer: 17 Hits: 0	0	0	0	0	0	0	0	0	0	0	0	0	0	

iProcessor: 0 iRegion: 6
Ref hits
Logic layer: 0 Hits: 0	0	0	0	852	852	0	0	0	0	0	0	0	0	
Logic layer: 1 Hits: 0	0	0	0	0	0	0	0	0	0	0	0	578	578	
Logic layer: 2 Hits: 0	0	0	0	391	391	0	0	0	0	0	0	0	0	
Logic layer: 3 Hits: 0	0	0	0	0	0	0	0	0	0	0	0	341	341	
Logic layer: 4 Hits: 0	0	0	0	0	0	0	0	0	0	0	0	646	646	
Logic layer: 5 Hits: 0	0	0	0	568	568	0	0	0	0	0	0	0	0	
Logic layer: 6 Hits: 0	0	0	0	0	0	0	0	607	610	657	659	0	0	
Logic layer: 7 Hits: 0	0	0	0	0	0	0	0	498	499	515	517	0	0	
Logic layer: 8 Hits: 0	0	0	0	0	0	0	0	0	0	0	0	0	0	
Logic layer: 9 Hits: 0	0	0	0	0	0	0	0	0	0	0	0	0	0	
Logic layer: 10 Hits: 0	0	0	0	0	0	0	0	0	0	0	0	0	0	
Logic layer: 11 Hits: 0	0	0	0	0	0	0	0	0	0	0	0	0	0	
Logic layer: 12 Hits: 0	0	0	0	0	0	0	0	0	0	0	0	0	0	
Logic layer: 13 Hits: 0	0	0	0	0	0	0	0	0	0	0	0	0	0	
Logic layer: 14 Hits: 0	0	0	0	0	0	0	0	0	0	0	0	0	0	
Logic layer: 15 Hits: 0	0	0	0	0	0	0	0	0	0	0	0	0	0	
Logic layer: 16 Hits: 0	0	0	0	0	0	0	0	0	0	0	0	0	0	
Logic layer: 17 Hits: 0	0	0	0	0	0	0	0	0	0	0	0	0	0	

